// Jest Snapshot v1, https://goo.gl/fbAQLP

exports[`MonoText renders MonoText 1`] = `
<Text
  style={
    Array [
      undefined,
      Object {
        "fontFamily": "space-mono",
      },
    ]
  }
/>
`;
