// Jest Snapshot v1, https://goo.gl/fbAQLP

exports[`MiddleLoader renders MiddleLoader 1`] = `null`;
