// Jest Snapshot v1, https://goo.gl/fbAQLP

exports[`TopAlert renders TopAlert 1`] = `null`;
